0 verbose cli /usr/bin/node /usr/bin/npm
1 info using npm@10.9.1
2 info using node@v22.22.2
3 silly config load:file:/usr/lib/node_modules/npm/npmrc
4 silly config load:file:/public/.cache/typescript/6.0/.npmrc
5 silly config load:file:/public/.npmrc
6 silly config load:file:/etc/npmrc
7 verbose title npm install types-registry@latest
8 verbose argv "install" "--ignore-scripts" "types-registry@latest"
9 verbose logfile logs-max:10 dir:/public/.npm/_logs/2026-06-09T23_59_51_013Z-
10 verbose logfile /public/.npm/_logs/2026-06-09T23_59_51_013Z-debug-0.log
11 silly logfile done cleaning log files
12 silly packumentCache heap:2027683840 maxSize:506920960 maxEntrySize:253460480
13 silly packumentCache corgi:https://registry.npmjs.org/types-registry cache-miss
14 http fetch GET 200 https://registry.npmjs.org/types-registry 485ms (cache revalidated)
15 silly packumentCache corgi:https://registry.npmjs.org/types-registry set size:626352 disposed:false
16 silly idealTree buildDeps
17 silly fetch manifest types-registry@0.1.773
18 silly packumentCache full:https://registry.npmjs.org/types-registry cache-miss
19 http fetch GET 200 https://registry.npmjs.org/types-registry 111ms (cache revalidated)
20 silly packumentCache full:https://registry.npmjs.org/types-registry set size:1357762 disposed:false
21 silly placeDep ROOT types-registry@0.1.773 REPLACE for:  want: 0.1.773
22 silly reify moves {}
23 silly audit bulk request {
23 silly audit   '@types/react': [ '19.2.17' ],
23 silly audit   csstype: [ '3.2.3' ],
23 silly audit   'types-registry': [ '0.1.773' ]
23 silly audit }
24 http fetch POST 200 https://registry.npmjs.org/-/npm/v1/security/advisories/bulk 283ms
25 silly audit report {}
26 verbose cwd /public/.cache/typescript/6.0
27 verbose os Linux 5.4.210-android12-9-667269-g856cdf2f247e-ab665
28 verbose node v22.22.2
29 verbose npm  v10.9.1
30 verbose exit 0
31 info ok
